[     303ms] [LOG] [Fast Refresh] rebuilding @ webpack-internal:///(app-pages-browser)/../../reporting/node_modules/next/dist/client/components/react-dev-overlay/app/hot-reloader-client.js:186
[     918ms] [LOG] [Fast Refresh] done in 615ms @ webpack-internal:///(app-pages-browser)/../../reporting/node_modules/next/dist/client/components/react-dev-overlay/app/hot-reloader-client.js:43
[    1419ms] [INFO] %cDownload the React DevTools for a better development experience: https://reactjs.org/link/react-devtools font-weight:bold @ webpack-internal:///(app-pages-browser)/../../reporting/node_modules/next/dist/compiled/react-dom/cjs/react-dom.development.js:38559
[    1577ms] [ERROR] Loading the script 'https://va.vercel-scripts.com/v1/script.debug.js' violates the following Content Security Policy directive: "script-src 'self' 'unsafe-inline' 'unsafe-eval' https://cdn.usefathom.com https://www.googletagmanager.com https://www.google-analytics.com https://assets.calendly.com". Note that 'script-src-elem' was not explicitly set, so 'script-src' is used as a fallback. The action has been blocked. @ webpack-internal:///(app-pages-browser)/../../reporting/node_modules/@vercel/analytics/dist/next/index.mjs:136
[    1578ms] [ERROR] Loading the script 'https://va.vercel-scripts.com/v1/speed-insights/script.debug.js' violates the following Content Security Policy directive: "script-src 'self' 'unsafe-inline' 'unsafe-eval' https://cdn.usefathom.com https://www.googletagmanager.com https://www.google-analytics.com https://assets.calendly.com". Note that 'script-src-elem' was not explicitly set, so 'script-src' is used as a fallback. The action has been blocked. @ webpack-internal:///(app-pages-browser)/../../reporting/node_modules/@vercel/speed-insights/dist/next/index.mjs:126
[    1585ms] [LOG] [Vercel Web Analytics] Failed to load script from https://va.vercel-scripts.com/v1/script.debug.js. Please check if any ad blockers are enabled and try again. @ webpack-internal:///(app-pages-browser)/../../reporting/node_modules/@vercel/analytics/dist/next/index.mjs:131
[    1585ms] [LOG] [Vercel Speed Insights] Failed to load script from https://va.vercel-scripts.com/v1/speed-insights/script.debug.js. Please check if any content blockers are enabled and try again. @ webpack-internal:///(app-pages-browser)/../../reporting/node_modules/@vercel/speed-insights/dist/next/index.mjs:124
[    1637ms] [ERROR] Failed to load resource: the server responded with a status of 403 (Forbidden) @ http://localhost:3100/api/accounting/vehicle-index:0
[    1729ms] [ERROR] Failed to load resource: the server responded with a status of 403 (Forbidden) @ http://localhost:3100/api/accounting/vehicle-index:0
[  560451ms] [INFO] %cDownload the React DevTools for a better development experience: https://reactjs.org/link/react-devtools font-weight:bold @ webpack-internal:///(app-pages-browser)/../../reporting/node_modules/next/dist/compiled/react-dom/cjs/react-dom.development.js:38559
[  560549ms] [ERROR] Loading the script 'https://va.vercel-scripts.com/v1/script.debug.js' violates the following Content Security Policy directive: "script-src 'self' 'unsafe-inline' 'unsafe-eval' https://cdn.usefathom.com https://www.googletagmanager.com https://www.google-analytics.com https://assets.calendly.com". Note that 'script-src-elem' was not explicitly set, so 'script-src' is used as a fallback. The action has been blocked. @ webpack-internal:///(app-pages-browser)/../../reporting/node_modules/@vercel/analytics/dist/next/index.mjs:136
[  560550ms] [ERROR] Loading the script 'https://va.vercel-scripts.com/v1/speed-insights/script.debug.js' violates the following Content Security Policy directive: "script-src 'self' 'unsafe-inline' 'unsafe-eval' https://cdn.usefathom.com https://www.googletagmanager.com https://www.google-analytics.com https://assets.calendly.com". Note that 'script-src-elem' was not explicitly set, so 'script-src' is used as a fallback. The action has been blocked. @ webpack-internal:///(app-pages-browser)/../../reporting/node_modules/@vercel/speed-insights/dist/next/index.mjs:126
[  560556ms] [LOG] [Vercel Web Analytics] Failed to load script from https://va.vercel-scripts.com/v1/script.debug.js. Please check if any ad blockers are enabled and try again. @ webpack-internal:///(app-pages-browser)/../../reporting/node_modules/@vercel/analytics/dist/next/index.mjs:131
[  560556ms] [LOG] [Vercel Speed Insights] Failed to load script from https://va.vercel-scripts.com/v1/speed-insights/script.debug.js. Please check if any content blockers are enabled and try again. @ webpack-internal:///(app-pages-browser)/../../reporting/node_modules/@vercel/speed-insights/dist/next/index.mjs:124
[  560600ms] [ERROR] Failed to load resource: the server responded with a status of 403 (Forbidden) @ http://localhost:3100/api/accounting/vehicle-index:0
[  560698ms] [ERROR] Failed to load resource: the server responded with a status of 403 (Forbidden) @ http://localhost:3100/api/accounting/vehicle-index:0
[  633167ms] [ERROR] `DialogContent` requires a `DialogTitle` for the component to be accessible for screen reader users.

If you want to hide the `DialogTitle`, you can wrap it with our VisuallyHidden component.

For more information, see https://radix-ui.com/primitives/docs/components/dialog @ webpack-internal:///(app-pages-browser)/../../reporting/node_modules/next/dist/client/app-index.js:32
[  633168ms] [WARNING] Warning: Missing `Description` or `aria-describedby={undefined}` for {DialogContent}. @ webpack-internal:///(app-pages-browser)/../../reporting/node_modules/@radix-ui/react-dialog/dist/index.mjs:467
[  633170ms] [ERROR] `DialogContent` requires a `DialogTitle` for the component to be accessible for screen reader users.

If you want to hide the `DialogTitle`, you can wrap it with our VisuallyHidden component.

For more information, see https://radix-ui.com/primitives/docs/components/dialog @ webpack-internal:///(app-pages-browser)/../../reporting/node_modules/next/dist/client/app-index.js:32
[  633170ms] [WARNING] Warning: Missing `Description` or `aria-describedby={undefined}` for {DialogContent}. @ webpack-internal:///(app-pages-browser)/../../reporting/node_modules/@radix-ui/react-dialog/dist/index.mjs:467
[  677406ms] [INFO] %cDownload the React DevTools for a better development experience: https://reactjs.org/link/react-devtools font-weight:bold @ webpack-internal:///(app-pages-browser)/../../reporting/node_modules/next/dist/compiled/react-dom/cjs/react-dom.development.js:38559
[  677496ms] [ERROR] Loading the script 'https://va.vercel-scripts.com/v1/script.debug.js' violates the following Content Security Policy directive: "script-src 'self' 'unsafe-inline' 'unsafe-eval' https://cdn.usefathom.com https://www.googletagmanager.com https://www.google-analytics.com https://assets.calendly.com". Note that 'script-src-elem' was not explicitly set, so 'script-src' is used as a fallback. The action has been blocked. @ webpack-internal:///(app-pages-browser)/../../reporting/node_modules/@vercel/analytics/dist/next/index.mjs:136
[  677497ms] [ERROR] Loading the script 'https://va.vercel-scripts.com/v1/speed-insights/script.debug.js' violates the following Content Security Policy directive: "script-src 'self' 'unsafe-inline' 'unsafe-eval' https://cdn.usefathom.com https://www.googletagmanager.com https://www.google-analytics.com https://assets.calendly.com". Note that 'script-src-elem' was not explicitly set, so 'script-src' is used as a fallback. The action has been blocked. @ webpack-internal:///(app-pages-browser)/../../reporting/node_modules/@vercel/speed-insights/dist/next/index.mjs:126
[  677503ms] [LOG] [Vercel Web Analytics] Failed to load script from https://va.vercel-scripts.com/v1/script.debug.js. Please check if any ad blockers are enabled and try again. @ webpack-internal:///(app-pages-browser)/../../reporting/node_modules/@vercel/analytics/dist/next/index.mjs:131
[  677503ms] [LOG] [Vercel Speed Insights] Failed to load script from https://va.vercel-scripts.com/v1/speed-insights/script.debug.js. Please check if any content blockers are enabled and try again. @ webpack-internal:///(app-pages-browser)/../../reporting/node_modules/@vercel/speed-insights/dist/next/index.mjs:124
[  677555ms] [ERROR] Failed to load resource: the server responded with a status of 403 (Forbidden) @ http://localhost:3100/api/accounting/vehicle-index:0
[  677705ms] [ERROR] Failed to load resource: the server responded with a status of 403 (Forbidden) @ http://localhost:3100/api/accounting/vehicle-index:0
[  739104ms] [INFO] %cDownload the React DevTools for a better development experience: https://reactjs.org/link/react-devtools font-weight:bold @ webpack-internal:///(app-pages-browser)/../../reporting/node_modules/next/dist/compiled/react-dom/cjs/react-dom.development.js:38559
[  739201ms] [ERROR] Loading the script 'https://va.vercel-scripts.com/v1/script.debug.js' violates the following Content Security Policy directive: "script-src 'self' 'unsafe-inline' 'unsafe-eval' https://cdn.usefathom.com https://www.googletagmanager.com https://www.google-analytics.com https://assets.calendly.com". Note that 'script-src-elem' was not explicitly set, so 'script-src' is used as a fallback. The action has been blocked. @ webpack-internal:///(app-pages-browser)/../../reporting/node_modules/@vercel/analytics/dist/next/index.mjs:136
[  739202ms] [ERROR] Loading the script 'https://va.vercel-scripts.com/v1/speed-insights/script.debug.js' violates the following Content Security Policy directive: "script-src 'self' 'unsafe-inline' 'unsafe-eval' https://cdn.usefathom.com https://www.googletagmanager.com https://www.google-analytics.com https://assets.calendly.com". Note that 'script-src-elem' was not explicitly set, so 'script-src' is used as a fallback. The action has been blocked. @ webpack-internal:///(app-pages-browser)/../../reporting/node_modules/@vercel/speed-insights/dist/next/index.mjs:126
[  739205ms] [LOG] [Vercel Web Analytics] Failed to load script from https://va.vercel-scripts.com/v1/script.debug.js. Please check if any ad blockers are enabled and try again. @ webpack-internal:///(app-pages-browser)/../../reporting/node_modules/@vercel/analytics/dist/next/index.mjs:131
[  739205ms] [LOG] [Vercel Speed Insights] Failed to load script from https://va.vercel-scripts.com/v1/speed-insights/script.debug.js. Please check if any content blockers are enabled and try again. @ webpack-internal:///(app-pages-browser)/../../reporting/node_modules/@vercel/speed-insights/dist/next/index.mjs:124
[  739344ms] [ERROR] Failed to load resource: the server responded with a status of 403 (Forbidden) @ http://localhost:3100/api/accounting/vehicle-index:0
[  739489ms] [ERROR] Failed to load resource: the server responded with a status of 403 (Forbidden) @ http://localhost:3100/api/accounting/vehicle-index:0
[ 1010886ms] [INFO] %cDownload the React DevTools for a better development experience: https://reactjs.org/link/react-devtools font-weight:bold @ webpack-internal:///(app-pages-browser)/../../reporting/node_modules/next/dist/compiled/react-dom/cjs/react-dom.development.js:38559
[ 1010983ms] [ERROR] Loading the script 'https://va.vercel-scripts.com/v1/script.debug.js' violates the following Content Security Policy directive: "script-src 'self' 'unsafe-inline' 'unsafe-eval' https://cdn.usefathom.com https://www.googletagmanager.com https://www.google-analytics.com https://assets.calendly.com". Note that 'script-src-elem' was not explicitly set, so 'script-src' is used as a fallback. The action has been blocked. @ webpack-internal:///(app-pages-browser)/../../reporting/node_modules/@vercel/analytics/dist/next/index.mjs:136
[ 1010984ms] [ERROR] Loading the script 'https://va.vercel-scripts.com/v1/speed-insights/script.debug.js' violates the following Content Security Policy directive: "script-src 'self' 'unsafe-inline' 'unsafe-eval' https://cdn.usefathom.com https://www.googletagmanager.com https://www.google-analytics.com https://assets.calendly.com". Note that 'script-src-elem' was not explicitly set, so 'script-src' is used as a fallback. The action has been blocked. @ webpack-internal:///(app-pages-browser)/../../reporting/node_modules/@vercel/speed-insights/dist/next/index.mjs:126
[ 1010990ms] [LOG] [Vercel Web Analytics] Failed to load script from https://va.vercel-scripts.com/v1/script.debug.js. Please check if any ad blockers are enabled and try again. @ webpack-internal:///(app-pages-browser)/../../reporting/node_modules/@vercel/analytics/dist/next/index.mjs:131
[ 1010990ms] [LOG] [Vercel Speed Insights] Failed to load script from https://va.vercel-scripts.com/v1/speed-insights/script.debug.js. Please check if any content blockers are enabled and try again. @ webpack-internal:///(app-pages-browser)/../../reporting/node_modules/@vercel/speed-insights/dist/next/index.mjs:124
[ 1011055ms] [ERROR] Failed to load resource: the server responded with a status of 403 (Forbidden) @ http://localhost:3100/api/accounting/vehicle-index:0
[ 1011150ms] [ERROR] Failed to load resource: the server responded with a status of 403 (Forbidden) @ http://localhost:3100/api/accounting/vehicle-index:0
