[     818ms] [INFO] %cDownload the React DevTools for a better development experience: https://reactjs.org/link/react-devtools font-weight:bold @ webpack-internal:///(app-pages-browser)/../../reporting/node_modules/next/dist/compiled/react-dom/cjs/react-dom.development.js:38559
[     971ms] [ERROR] Loading the script 'https://va.vercel-scripts.com/v1/script.debug.js' violates the following Content Security Policy directive: "script-src 'self' 'unsafe-inline' 'unsafe-eval' https://cdn.usefathom.com https://www.googletagmanager.com https://www.google-analytics.com https://assets.calendly.com". Note that 'script-src-elem' was not explicitly set, so 'script-src' is used as a fallback. The action has been blocked. @ webpack-internal:///(app-pages-browser)/../../reporting/node_modules/@vercel/analytics/dist/next/index.mjs:136
[     972ms] [ERROR] Loading the script 'https://va.vercel-scripts.com/v1/speed-insights/script.debug.js' violates the following Content Security Policy directive: "script-src 'self' 'unsafe-inline' 'unsafe-eval' https://cdn.usefathom.com https://www.googletagmanager.com https://www.google-analytics.com https://assets.calendly.com". Note that 'script-src-elem' was not explicitly set, so 'script-src' is used as a fallback. The action has been blocked. @ webpack-internal:///(app-pages-browser)/../../reporting/node_modules/@vercel/speed-insights/dist/next/index.mjs:126
[     975ms] [LOG] [Vercel Web Analytics] Failed to load script from https://va.vercel-scripts.com/v1/script.debug.js. Please check if any ad blockers are enabled and try again. @ webpack-internal:///(app-pages-browser)/../../reporting/node_modules/@vercel/analytics/dist/next/index.mjs:131
[     975ms] [LOG] [Vercel Speed Insights] Failed to load script from https://va.vercel-scripts.com/v1/speed-insights/script.debug.js. Please check if any content blockers are enabled and try again. @ webpack-internal:///(app-pages-browser)/../../reporting/node_modules/@vercel/speed-insights/dist/next/index.mjs:124
[    1015ms] [ERROR] Failed to load resource: the server responded with a status of 403 (Forbidden) @ http://localhost:3100/api/accounting/vehicle-index:0
[    1097ms] [ERROR] Failed to load resource: the server responded with a status of 403 (Forbidden) @ http://localhost:3100/api/accounting/vehicle-index:0
[   22005ms] [LOG] [Fast Refresh] rebuilding @ webpack-internal:///(app-pages-browser)/../../reporting/node_modules/next/dist/client/components/react-dev-overlay/app/hot-reloader-client.js:186
[   22634ms] [LOG] [Fast Refresh] done in 629ms @ webpack-internal:///(app-pages-browser)/../../reporting/node_modules/next/dist/client/components/react-dev-overlay/app/hot-reloader-client.js:43
[   38351ms] [LOG] [Fast Refresh] rebuilding @ webpack-internal:///(app-pages-browser)/../../reporting/node_modules/next/dist/client/components/react-dev-overlay/app/hot-reloader-client.js:186
[   38734ms] [LOG] [Fast Refresh] done in 383ms @ webpack-internal:///(app-pages-browser)/../../reporting/node_modules/next/dist/client/components/react-dev-overlay/app/hot-reloader-client.js:43
[  515576ms] [LOG] [Fast Refresh] rebuilding @ webpack-internal:///(app-pages-browser)/../../reporting/node_modules/next/dist/client/components/react-dev-overlay/app/hot-reloader-client.js:186
[  518048ms] [LOG] [Fast Refresh] done in 2472ms @ webpack-internal:///(app-pages-browser)/../../reporting/node_modules/next/dist/client/components/react-dev-overlay/app/hot-reloader-client.js:43
[  521179ms] [WARNING] The resource http://localhost:3100/_next/static/css/app/layout.css?v=1784804889209 was preloaded using link preload but not used within a few seconds from the window's load event. Please make sure it has an appropriate `as` value and it is preloaded intentionally. @ http://localhost:3100/feeds?view=explore:0
[  607092ms] [LOG] [Fast Refresh] rebuilding @ webpack-internal:///(app-pages-browser)/../../reporting/node_modules/next/dist/client/components/react-dev-overlay/app/hot-reloader-client.js:186
[  607829ms] [WARNING] [Fast Refresh] performing full reload

Fast Refresh will perform a full reload when you edit a file that's imported by modules outside of the React rendering tree.
You might have a file which exports a React component but also exports a value that is imported by a non-React component file.
Consider migrating the non-React component export to a separate file and importing it into both files.

It is also possible the parent component of the component you edited is a class component, which disables Fast Refresh.
Fast Refresh requires at least one parent function component in your React tree. @ webpack-internal:///(app-pages-browser)/../../reporting/node_modules/next/dist/client/components/react-dev-overlay/app/hot-reloader-client.js:112
[  608485ms] [INFO] %cDownload the React DevTools for a better development experience: https://reactjs.org/link/react-devtools font-weight:bold @ webpack-internal:///(app-pages-browser)/../../reporting/node_modules/next/dist/compiled/react-dom/cjs/react-dom.development.js:38559
[  608609ms] [ERROR] Loading the script 'https://va.vercel-scripts.com/v1/script.debug.js' violates the following Content Security Policy directive: "script-src 'self' 'unsafe-inline' 'unsafe-eval' https://cdn.usefathom.com https://www.googletagmanager.com https://www.google-analytics.com https://assets.calendly.com". Note that 'script-src-elem' was not explicitly set, so 'script-src' is used as a fallback. The action has been blocked. @ webpack-internal:///(app-pages-browser)/../../reporting/node_modules/@vercel/analytics/dist/next/index.mjs:136
[  608610ms] [ERROR] Loading the script 'https://va.vercel-scripts.com/v1/speed-insights/script.debug.js' violates the following Content Security Policy directive: "script-src 'self' 'unsafe-inline' 'unsafe-eval' https://cdn.usefathom.com https://www.googletagmanager.com https://www.google-analytics.com https://assets.calendly.com". Note that 'script-src-elem' was not explicitly set, so 'script-src' is used as a fallback. The action has been blocked. @ webpack-internal:///(app-pages-browser)/../../reporting/node_modules/@vercel/speed-insights/dist/next/index.mjs:126
[  608613ms] [LOG] [Vercel Web Analytics] Failed to load script from https://va.vercel-scripts.com/v1/script.debug.js. Please check if any ad blockers are enabled and try again. @ webpack-internal:///(app-pages-browser)/../../reporting/node_modules/@vercel/analytics/dist/next/index.mjs:131
[  608613ms] [LOG] [Vercel Speed Insights] Failed to load script from https://va.vercel-scripts.com/v1/speed-insights/script.debug.js. Please check if any content blockers are enabled and try again. @ webpack-internal:///(app-pages-browser)/../../reporting/node_modules/@vercel/speed-insights/dist/next/index.mjs:124
[  608700ms] [ERROR] Failed to load resource: the server responded with a status of 403 (Forbidden) @ http://localhost:3100/api/accounting/vehicle-index:0
[  608840ms] [ERROR] Failed to load resource: the server responded with a status of 403 (Forbidden) @ http://localhost:3100/api/accounting/vehicle-index:0
