[    5815ms] [VERBOSE] [DOM] Password field is not contained in a form: (More info: https://goo.gl/9p2vKq) %o @ http://127.0.0.1:3100/auth/signup:0
[    6170ms] [INFO] %cDownload the React DevTools for a better development experience: https://reactjs.org/link/react-devtools font-weight:bold @ webpack-internal:///(app-pages-browser)/../../reporting/node_modules/next/dist/compiled/react-dom/cjs/react-dom.development.js:38559
[    6298ms] [ERROR] Loading the script 'https://va.vercel-scripts.com/v1/script.debug.js' violates the following Content Security Policy directive: "script-src 'self' 'unsafe-inline' 'unsafe-eval' https://cdn.usefathom.com https://www.googletagmanager.com https://www.google-analytics.com https://assets.calendly.com". Note that 'script-src-elem' was not explicitly set, so 'script-src' is used as a fallback. The action has been blocked. @ webpack-internal:///(app-pages-browser)/../../reporting/node_modules/@vercel/analytics/dist/next/index.mjs:136
[    6299ms] [ERROR] Loading the script 'https://va.vercel-scripts.com/v1/speed-insights/script.debug.js' violates the following Content Security Policy directive: "script-src 'self' 'unsafe-inline' 'unsafe-eval' https://cdn.usefathom.com https://www.googletagmanager.com https://www.google-analytics.com https://assets.calendly.com". Note that 'script-src-elem' was not explicitly set, so 'script-src' is used as a fallback. The action has been blocked. @ webpack-internal:///(app-pages-browser)/../../reporting/node_modules/@vercel/speed-insights/dist/next/index.mjs:126
[    6302ms] [LOG] [Vercel Web Analytics] Failed to load script from https://va.vercel-scripts.com/v1/script.debug.js. Please check if any ad blockers are enabled and try again. @ webpack-internal:///(app-pages-browser)/../../reporting/node_modules/@vercel/analytics/dist/next/index.mjs:131
[    6302ms] [LOG] [Vercel Speed Insights] Failed to load script from https://va.vercel-scripts.com/v1/speed-insights/script.debug.js. Please check if any content blockers are enabled and try again. @ webpack-internal:///(app-pages-browser)/../../reporting/node_modules/@vercel/speed-insights/dist/next/index.mjs:124
[    8475ms] [LOG] [Fast Refresh] rebuilding @ webpack-internal:///(app-pages-browser)/../../reporting/node_modules/next/dist/client/components/react-dev-overlay/app/hot-reloader-client.js:186
[    9117ms] [LOG] [Fast Refresh] done in 642ms @ webpack-internal:///(app-pages-browser)/../../reporting/node_modules/next/dist/client/components/react-dev-overlay/app/hot-reloader-client.js:43
[   93004ms] [LOG] [Fast Refresh] rebuilding @ webpack-internal:///(app-pages-browser)/../../reporting/node_modules/next/dist/client/components/react-dev-overlay/app/hot-reloader-client.js:186
[   93327ms] [LOG] [Fast Refresh] done in 324ms @ webpack-internal:///(app-pages-browser)/../../reporting/node_modules/next/dist/client/components/react-dev-overlay/app/hot-reloader-client.js:43
[  163820ms] [LOG] [Fast Refresh] rebuilding @ webpack-internal:///(app-pages-browser)/../../reporting/node_modules/next/dist/client/components/react-dev-overlay/app/hot-reloader-client.js:186
[  164143ms] [LOG] [Fast Refresh] done in 323ms @ webpack-internal:///(app-pages-browser)/../../reporting/node_modules/next/dist/client/components/react-dev-overlay/app/hot-reloader-client.js:43
[  180919ms] [LOG] [Fast Refresh] rebuilding @ webpack-internal:///(app-pages-browser)/../../reporting/node_modules/next/dist/client/components/react-dev-overlay/app/hot-reloader-client.js:186
[  181212ms] [LOG] [Fast Refresh] done in 293ms @ webpack-internal:///(app-pages-browser)/../../reporting/node_modules/next/dist/client/components/react-dev-overlay/app/hot-reloader-client.js:43
[  204347ms] [LOG] [Fast Refresh] rebuilding @ webpack-internal:///(app-pages-browser)/../../reporting/node_modules/next/dist/client/components/react-dev-overlay/app/hot-reloader-client.js:186
[  204545ms] [LOG] [Fast Refresh] done in 197ms @ webpack-internal:///(app-pages-browser)/../../reporting/node_modules/next/dist/client/components/react-dev-overlay/app/hot-reloader-client.js:43
[  347889ms] [LOG] [Fast Refresh] rebuilding @ webpack-internal:///(app-pages-browser)/../../reporting/node_modules/next/dist/client/components/react-dev-overlay/app/hot-reloader-client.js:186
[  348210ms] [LOG] [Fast Refresh] done in 321ms @ webpack-internal:///(app-pages-browser)/../../reporting/node_modules/next/dist/client/components/react-dev-overlay/app/hot-reloader-client.js:43
[  655710ms] [LOG] [Fast Refresh] rebuilding @ webpack-internal:///(app-pages-browser)/../../reporting/node_modules/next/dist/client/components/react-dev-overlay/app/hot-reloader-client.js:186
[  656059ms] [LOG] [Fast Refresh] done in 350ms @ webpack-internal:///(app-pages-browser)/../../reporting/node_modules/next/dist/client/components/react-dev-overlay/app/hot-reloader-client.js:43
[  912318ms] [LOG] [Fast Refresh] rebuilding @ webpack-internal:///(app-pages-browser)/../../reporting/node_modules/next/dist/client/components/react-dev-overlay/app/hot-reloader-client.js:186
[  912584ms] [LOG] [Fast Refresh] done in 266ms @ webpack-internal:///(app-pages-browser)/../../reporting/node_modules/next/dist/client/components/react-dev-overlay/app/hot-reloader-client.js:43
[ 1114451ms] [LOG] [Fast Refresh] rebuilding @ webpack-internal:///(app-pages-browser)/../../reporting/node_modules/next/dist/client/components/react-dev-overlay/app/hot-reloader-client.js:186
[ 1114728ms] [LOG] [Fast Refresh] done in 278ms @ webpack-internal:///(app-pages-browser)/../../reporting/node_modules/next/dist/client/components/react-dev-overlay/app/hot-reloader-client.js:43
[ 1323960ms] [VERBOSE] [DOM] Password field is not contained in a form: (More info: https://goo.gl/9p2vKq) %o @ http://127.0.0.1:3100/auth:0
[ 1358497ms] [ERROR] Connecting to 'http://127.0.0.1:8000/auth/v1/token?grant_type=password' violates the following Content Security Policy directive: "connect-src 'self' https://*.supabase.co https://*.supabase.in wss://*.supabase.co https://cdn.usefathom.com https://www.google-analytics.com https://api.github.com https://calendly.com". The action has been blocked. @ webpack-internal:///(app-pages-browser)/../../reporting/node_modules/@supabase/auth-js/dist/module/lib/helpers.js:119
[ 1358497ms] [ERROR] Fetch API cannot load http://127.0.0.1:8000/auth/v1/token?grant_type=password. Refused to connect because it violates the document's Content Security Policy. @ webpack-internal:///(app-pages-browser)/../../reporting/node_modules/@supabase/auth-js/dist/module/lib/helpers.js:119
[ 1358500ms] [ERROR] TypeError: Failed to fetch
    at eval (webpack-internal:///(app-pages-browser)/../../reporting/node_modules/@supabase/auth-js/dist/module/lib/helpers.js:120:25)
    at _handleRequest (webpack-internal:///(app-pages-browser)/../../reporting/node_modules/@supabase/auth-js/dist/module/lib/fetch.js:106:24)
    at _request (webpack-internal:///(app-pages-browser)/../../reporting/node_modules/@supabase/auth-js/dist/module/lib/fetch.js:96:24)
    at SupabaseAuthClient.signInWithPassword (webpack-internal:///(app-pages-browser)/../../reporting/node_modules/@supabase/auth-js/dist/module/GoTrueClient.js:459:81)
    at signIn (webpack-internal:///(app-pages-browser)/./app/auth/page.tsx:110:47)
    at HTMLUnknownElement.callCallback (webpack-internal:///(app-pages-browser)/../../reporting/node_modules/next/dist/compiled/react-dom/cjs/react-dom.development.js:20565:14)
    at Object.invokeGuardedCallbackImpl (webpack-internal:///(app-pages-browser)/../../reporting/node_modules/next/dist/compiled/react-dom/cjs/react-dom.development.js:20614:16)
    at invokeGuardedCallback (webpack-internal:///(app-pages-browser)/../../reporting/node_modules/next/dist/compiled/react-dom/cjs/react-dom.development.js:20689:29)
    at invokeGuardedCallbackAndCatchFirstError (webpack-internal:///(app-pages-browser)/../../reporting/node_modules/next/dist/compiled/react-dom/cjs/react-dom.development.js:20703:25)
    at executeDispatch (webpack-internal:///(app-pages-browser)/../../reporting/node_modules/next/dist/compiled/react-dom/cjs/react-dom.development.js:32128:3)
    at processDispatchQueueItemsInOrder (webpack-internal:///(app-pages-browser)/../../reporting/node_modules/next/dist/compiled/react-dom/cjs/react-dom.development.js:32160:7)
    at processDispatchQueue (webpack-internal:///(app-pages-browser)/../../reporting/node_modules/next/dist/compiled/react-dom/cjs/react-dom.development.js:32173:5)
    at dispatchEventsForPlugins (webpack-internal:///(app-pages-browser)/../../reporting/node_modules/next/dist/compiled/react-dom/cjs/react-dom.development.js:32184:3)
    at eval (webpack-internal:///(app-pages-browser)/../../reporting/node_modules/next/dist/compiled/react-dom/cjs/react-dom.development.js:32374:12)
    at batchedUpdates$1 (webpack-internal:///(app-pages-browser)/../../reporting/node_modules/next/dist/compiled/react-dom/cjs/react-dom.development.js:24953:12)
    at batchedUpdates (webpack-internal:///(app-pages-browser)/../../reporting/node_modules/next/dist/compiled/react-dom/cjs/react-dom.development.js:28844:12)
    at dispatchEventForPluginEventSystem (webpack-internal:///(app-pages-browser)/../../reporting/node_modules/next/dist/compiled/react-dom/cjs/react-dom.development.js:32373:3)
    at dispatchEvent (webpack-internal:///(app-pages-browser)/../../reporting/node_modules/next/dist/compiled/react-dom/cjs/react-dom.development.js:30141:5)
    at dispatchDiscreteEvent (webpack-internal:///(app-pages-browser)/../../reporting/node_modules/next/dist/compiled/react-dom/cjs/react-dom.development.js:30112:5) @ webpack-internal:///(app-pages-browser)/../../reporting/node_modules/next/dist/client/app-index.js:32
[ 1637300ms] [LOG] [Fast Refresh] rebuilding @ webpack-internal:///(app-pages-browser)/../../reporting/node_modules/next/dist/client/components/react-dev-overlay/app/hot-reloader-client.js:186
[ 1638125ms] [LOG] [Fast Refresh] done in 825ms @ webpack-internal:///(app-pages-browser)/../../reporting/node_modules/next/dist/client/components/react-dev-overlay/app/hot-reloader-client.js:43
[ 1638562ms] [LOG] [Fast Refresh] rebuilding @ webpack-internal:///(app-pages-browser)/../../reporting/node_modules/next/dist/client/components/react-dev-overlay/app/hot-reloader-client.js:186
[ 1638770ms] [LOG] [Fast Refresh] done in 207ms @ webpack-internal:///(app-pages-browser)/../../reporting/node_modules/next/dist/client/components/react-dev-overlay/app/hot-reloader-client.js:43
[ 1648077ms] [LOG] [Fast Refresh] rebuilding @ webpack-internal:///(app-pages-browser)/../../reporting/node_modules/next/dist/client/components/react-dev-overlay/app/hot-reloader-client.js:186
[ 1648468ms] [LOG] [Fast Refresh] done in 391ms @ webpack-internal:///(app-pages-browser)/../../reporting/node_modules/next/dist/client/components/react-dev-overlay/app/hot-reloader-client.js:43
