[     496ms] [INFO] %cDownload the React DevTools for a better development experience: https://reactjs.org/link/react-devtools font-weight:bold @ webpack-internal:///(app-pages-browser)/../../reporting/node_modules/next/dist/compiled/react-dom/cjs/react-dom.development.js:38559
[     612ms] [ERROR] Loading the script 'https://va.vercel-scripts.com/v1/script.debug.js' violates the following Content Security Policy directive: "script-src 'self' 'unsafe-inline' 'unsafe-eval' https://cdn.usefathom.com https://www.googletagmanager.com https://www.google-analytics.com https://assets.calendly.com". Note that 'script-src-elem' was not explicitly set, so 'script-src' is used as a fallback. The action has been blocked. @ webpack-internal:///(app-pages-browser)/../../reporting/node_modules/@vercel/analytics/dist/next/index.mjs:136
[     613ms] [ERROR] Loading the script 'https://va.vercel-scripts.com/v1/speed-insights/script.debug.js' violates the following Content Security Policy directive: "script-src 'self' 'unsafe-inline' 'unsafe-eval' https://cdn.usefathom.com https://www.googletagmanager.com https://www.google-analytics.com https://assets.calendly.com". Note that 'script-src-elem' was not explicitly set, so 'script-src' is used as a fallback. The action has been blocked. @ webpack-internal:///(app-pages-browser)/../../reporting/node_modules/@vercel/speed-insights/dist/next/index.mjs:126
[     619ms] [LOG] [Vercel Web Analytics] Failed to load script from https://va.vercel-scripts.com/v1/script.debug.js. Please check if any ad blockers are enabled and try again. @ webpack-internal:///(app-pages-browser)/../../reporting/node_modules/@vercel/analytics/dist/next/index.mjs:131
[     620ms] [LOG] [Vercel Speed Insights] Failed to load script from https://va.vercel-scripts.com/v1/speed-insights/script.debug.js. Please check if any content blockers are enabled and try again. @ webpack-internal:///(app-pages-browser)/../../reporting/node_modules/@vercel/speed-insights/dist/next/index.mjs:124
[     672ms] [ERROR] Failed to load resource: the server responded with a status of 403 (Forbidden) @ http://localhost:3100/api/accounting/vehicle-index:0
[     803ms] [ERROR] Failed to load resource: the server responded with a status of 403 (Forbidden) @ http://localhost:3100/api/accounting/vehicle-index:0
[   67920ms] [ERROR] `DialogContent` requires a `DialogTitle` for the component to be accessible for screen reader users.

If you want to hide the `DialogTitle`, you can wrap it with our VisuallyHidden component.

For more information, see https://radix-ui.com/primitives/docs/components/dialog @ webpack-internal:///(app-pages-browser)/../../reporting/node_modules/next/dist/client/app-index.js:32
[   67921ms] [WARNING] Warning: Missing `Description` or `aria-describedby={undefined}` for {DialogContent}. @ webpack-internal:///(app-pages-browser)/../../reporting/node_modules/@radix-ui/react-dialog/dist/index.mjs:467
[   67923ms] [ERROR] `DialogContent` requires a `DialogTitle` for the component to be accessible for screen reader users.

If you want to hide the `DialogTitle`, you can wrap it with our VisuallyHidden component.

For more information, see https://radix-ui.com/primitives/docs/components/dialog @ webpack-internal:///(app-pages-browser)/../../reporting/node_modules/next/dist/client/app-index.js:32
[   67923ms] [WARNING] Warning: Missing `Description` or `aria-describedby={undefined}` for {DialogContent}. @ webpack-internal:///(app-pages-browser)/../../reporting/node_modules/@radix-ui/react-dialog/dist/index.mjs:467
[  148981ms] [ERROR] Failed to load resource: the server responded with a status of 403 (Forbidden) @ http://localhost:3100/api/feeds/explore/sources/explore-source%3A3/follow:0
[  239470ms] [LOG] [Fast Refresh] rebuilding @ webpack-internal:///(app-pages-browser)/../../reporting/node_modules/next/dist/client/components/react-dev-overlay/app/hot-reloader-client.js:186
[  239776ms] [LOG] [Fast Refresh] done in 306ms @ webpack-internal:///(app-pages-browser)/../../reporting/node_modules/next/dist/client/components/react-dev-overlay/app/hot-reloader-client.js:43
[  268930ms] [LOG] [Fast Refresh] rebuilding @ webpack-internal:///(app-pages-browser)/../../reporting/node_modules/next/dist/client/components/react-dev-overlay/app/hot-reloader-client.js:186
[  269158ms] [LOG] [Fast Refresh] done in 228ms @ webpack-internal:///(app-pages-browser)/../../reporting/node_modules/next/dist/client/components/react-dev-overlay/app/hot-reloader-client.js:43
